============================= test session starts ==============================
platform darwin -- Python 3.10.11, pytest-8.3.5, pluggy-1.5.0 -- /Library/Frameworks/Python.framework/Versions/3.10/bin/python3
cachedir: .pytest_cache
rootdir: /Users/subinpradeep/code-exec
plugins: dash-2.17.1, typeguard-4.1.5, anyio-4.15.1
collecting ... collected 47 items

tests/test_api.py::test_healthz_db_ok PASSED                             [  2%]
tests/test_api.py::test_index_returns_html PASSED                        [  4%]
tests/test_api.py::test_post_tasks_generates_and_runs_candidates PASSED  [  6%]
tests/test_api.py::test_post_tasks_validates_n_candidates PASSED         [  8%]
tests/test_api.py::test_list_tasks_summary_counts_and_hides_raw PASSED   [ 10%]
tests/test_api.py::test_get_unknown_task_404 PASSED                      [ 12%]
tests/test_api.py::test_llm_failure_still_creates_candidates PASSED      [ 14%]
tests/test_api.py::test_annotation_roundtrip_and_validation PASSED       [ 17%]
tests/test_api.py::test_preference_one_row_per_rejected PASSED           [ 19%]
tests/test_api.py::test_preferences_listed_on_task_detail PASSED         [ 21%]
tests/test_api.py::test_export_preferences_jsonl PASSED                  [ 23%]
tests/test_api.py::test_export_flags_identical_code PASSED               [ 25%]
tests/test_api.py::test_export_empty_when_no_preferences PASSED          [ 27%]
tests/test_api.py::test_delete_task_removes_everything_it_owns PASSED    [ 29%]
tests/test_api.py::test_delete_and_rerun_refused_while_runs_in_flight PASSED [ 31%]
tests/test_api.py::test_rerun_queues_new_run_per_candidate_and_keeps_history PASSED [ 34%]
tests/test_api.py::test_rerun_with_edited_tests_updates_task PASSED      [ 36%]
tests/test_api.py::test_edit_and_rerun_creates_linked_candidate PASSED   [ 38%]
tests/test_api.py::test_edit_and_rerun_validates_input PASSED            [ 40%]
tests/test_api.py::test_init_db_migrates_pre_edit_candidates_table PASSED [ 42%]
tests/test_api.py::test_ui_never_uses_innerhtml PASSED                   [ 44%]
tests/test_api.py::test_pool_never_exceeds_max_concurrent PASSED         [ 46%]
tests/test_api.py::test_max_concurrent_jobs_from_env PASSED              [ 48%]
tests/test_api.py::test_recovery_requeues_queued_and_marks_stale_running PASSED [ 51%]
tests/test_api.py::test_recovery_reattaches_running_with_live_job PASSED [ 53%]
tests/test_api.py::test_strip_fences[```python\ndef f():\n    return 1\n```-def f():\n    return 1\n] PASSED [ 55%]
tests/test_api.py::test_strip_fences[Sure! Here you go:\n```py\nx = 1\n```\nHope that helps.-x = 1\n] PASSED [ 57%]
tests/test_api.py::test_strip_fences[```\ny = 2\n```-y = 2\n] PASSED     [ 59%]
tests/test_api.py::test_strip_fences[def g():\n    pass-def g():\n    pass\n] PASSED [ 61%]
tests/test_api.py::test_strip_fences[```python\ndef cut_off():\n    return-def cut_off():\n    return\n] PASSED [ 63%]
tests/test_api.py::test_generate_candidates_records_api_errors PASSED    [ 65%]
tests/test_api.py::test_generate_candidates_uses_env_config_and_temperature PASSED [ 68%]
tests/test_executor.py::test_happy_path PASSED                           [ 70%]
tests/test_executor.py::test_wrong_answer PASSED                         [ 72%]
tests/test_executor.py::test_timeout PASSED                              [ 74%]
tests/test_executor.py::test_post_runs_end_to_end PASSED                 [ 76%]
tests/test_executor.py::test_concurrency_twelve_runs_bounded FAILED      [ 78%]
tests/test_executor.py::test_recovery_reattaches_job_after_restart PASSED [ 80%]
tests/test_executor.py::test_syntax_error PASSED                         [ 82%]
tests/test_executor.py::test_memory_bomb PASSED                          [ 85%]
tests/test_executor.py::test_memory_growing_list PASSED                  [ 87%]
tests/test_executor.py::test_fork_bomb_is_contained PASSED               [ 89%]
tests/test_executor.py::test_nproc_limit_caps_forks PASSED               [ 91%]
tests/test_executor.py::test_missing_image_is_infra_error PASSED         [ 93%]
tests/test_executor.py::test_read_only_filesystem PASSED                 [ 95%]
tests/test_executor.py::test_huge_stdout_is_truncated PASSED             [ 97%]
tests/test_executor.py::test_outbound_network XFAIL (NetworkPolicy n...) [100%]

=================================== FAILURES ===================================
_____________________ test_concurrency_twelve_runs_bounded _____________________

monkeypatch = <_pytest.monkeypatch.MonkeyPatch object at 0x11f43cb80>

    def test_concurrency_twelve_runs_bounded(monkeypatch):
        monkeypatch.setenv("MAX_CONCURRENT_JOBS", "4")
        code = "import time\n\ndef add(a, b):\n    time.sleep(1)\n    return a + b\n"
        observed = []
        stop = threading.Event()
        run_ids: set[str] = set()
    
        def watch_cluster():
            while not stop.is_set():
                try:
                    observed.append(_unfinished_jobs(run_ids))
                except Exception:
                    pass
                stop.wait(0.3)
    
        started = time.monotonic()
        with TestClient(app) as client:
            watcher = threading.Thread(target=watch_cluster, daemon=True)
            watcher.start()
            for _ in range(12):
                run_ids.add(client.post("/runs", json={"code": code, "tests": ADD_TESTS}).json()["id"])
            rows = wait_terminal(client, run_ids, timeout=180)
            stats = client.get("/healthz").json()["pool"]
            stop.set()
            watcher.join()
        wall = time.monotonic() - started
    
        statuses = sorted(r["status"] for r in rows.values())
        OBSERVED["concurrency"] = {
            "runs": len(rows),
            "statuses": statuses,
            "max_concurrent_jobs": stats["max_concurrent"],
            "pool_peak_in_flight": stats["peak_in_flight"],
            "cluster_peak_unfinished_jobs": max(observed, default=0),
            "cluster_samples": len(observed),
            "wall_seconds": round(wall, 1),
        }
        assert len(rows) == 12
>       assert statuses == ["passed"] * 12, statuses
E       AssertionError: ['passed', 'passed', 'passed', 'passed', 'passed', 'passed', ...]
E       assert ['passed', 'p...'passed', ...] == ['passed', 'p...'passed', ...]
E         
E         At index 10 diff: 'timeout' != 'passed'
E         
E         Full diff:
E           [
E               'passed',
E               'passed',...
E         
E         ...Full output truncated (13 lines hidden), use '-vv' to show

tests/test_executor.py:177: AssertionError
=============================== warnings summary ===============================
../../../Library/Frameworks/Python.framework/Versions/3.10/lib/python3.10/site-packages/fastapi/testclient.py:1
  /Library/Frameworks/Python.framework/Versions/3.10/lib/python3.10/site-packages/fastapi/testclient.py:1: StarletteDeprecationWarning: Using `httpx` with `starlette.testclient` is deprecated; install `httpx2` instead.
    from starlette.testclient import TestClient as TestClient  # noqa

tests/test_api.py: 1 warning
tests/test_executor.py: 872 warnings
  /Library/Frameworks/Python.framework/Versions/3.10/lib/python3.10/site-packages/kubernetes/client/rest.py:47: DeprecationWarning: HTTPResponse.getheader() is deprecated and will be removed in urllib3 v2.1.0. Instead use HTTPResponse.headers.get(name, default).
    return self.urllib3_response.getheader(name, default)

-- Docs: https://docs.pytest.org/en/stable/how-to/capture-warnings.html
=========================== short test summary info ============================
FAILED tests/test_executor.py::test_concurrency_twelve_runs_bounded - Asserti...
====== 1 failed, 45 passed, 1 xfailed, 874 warnings in 105.13s (0:01:45) =======
